Computing initial Groebner basis...
Initial Groebner basis computed and saved.
Computing Groebner basis after adding determinant relation 1...
Elimination ideal computed. Computing Groebner basis of the elimination ideal...
Groebner basis after elimination saved as gb_K4_step_1.mrdi
Computing Groebner basis after adding determinant relation 2...
Elimination ideal computed. Computing Groebner basis of the elimination ideal...
Groebner basis after elimination saved as gb_K4_step_2.mrdi
Computing Groebner basis after adding determinant relation 3...
Elimination ideal computed. Computing Groebner basis of the elimination ideal...
Groebner basis after elimination saved as gb_K4_step_3.mrdi
Computing Groebner basis after adding determinant relation 4...
Elimination ideal computed. Computing Groebner basis of the elimination ideal...
Groebner basis after elimination saved as gb_K4_step_4.mrdi
Computing Groebner basis after adding determinant relation 5...
Elimination ideal computed. Computing Groebner basis of the elimination ideal...
Groebner basis after elimination saved as gb_K4_step_5.mrdi
Computing Groebner basis after adding determinant relation 6...
Elimination ideal computed. Computing Groebner basis of the elimination ideal...
Groebner basis after elimination saved as gb_K4_step_6.mrdi
Computing Groebner basis after adding determinant relation 7...
Elimination ideal computed. Computing Groebner basis of the elimination ideal...
Groebner basis after elimination saved as gb_K4_step_7.mrdi
Computing Groebner basis after adding determinant relation 8...
Elimination ideal computed. Computing Groebner basis of the elimination ideal...
Groebner basis after elimination saved as gb_K4_step_8.mrdi
Computing Groebner basis after adding determinant relation 9...
Elimination ideal computed. Computing Groebner basis of the elimination ideal...
Groebner basis after elimination saved as gb_K4_step_9.mrdi
Computing Groebner basis after adding determinant relation 10...
Elimination ideal computed. Computing Groebner basis of the elimination ideal...
Groebner basis after elimination saved as gb_K4_step_10.mrdi
Computing Groebner basis after adding determinant relation 11...
Elimination ideal computed. Computing Groebner basis of the elimination ideal...
Groebner basis after elimination saved as gb_K4_step_11.mrdi
Computing Groebner basis after adding determinant relation 12...
Elimination ideal computed. Computing Groebner basis of the elimination ideal...
Groebner basis after elimination saved as gb_K4_step_12.mrdi
Computing Groebner basis after adding determinant relation 13...
Elimination ideal computed. Computing Groebner basis of the elimination ideal...
Groebner basis after elimination saved as gb_K4_step_13.mrdi
Computing Groebner basis after adding determinant relation 14...
Elimination ideal computed. Computing Groebner basis of the elimination ideal...
Groebner basis after elimination saved as gb_K4_step_14.mrdi
Computing Groebner basis after adding determinant relation 15...
Elimination ideal computed. Computing Groebner basis of the elimination ideal...
Groebner basis after elimination saved as gb_K4_step_15.mrdi
Computing Groebner basis after adding determinant relation 16...
Elimination ideal computed. Computing Groebner basis of the elimination ideal...
Groebner basis after elimination saved as gb_K4_step_16.mrdi
Computing Groebner basis after adding determinant relation 17...
Elimination ideal computed. Computing Groebner basis of the elimination ideal...
Groebner basis after elimination saved as gb_K4_step_17.mrdi
Computing Groebner basis after adding determinant relation 18...
Elimination ideal computed. Computing Groebner basis of the elimination ideal...
Groebner basis after elimination saved as gb_K4_step_18.mrdi
Computing Groebner basis after adding determinant relation 19...
Elimination ideal computed. Computing Groebner basis of the elimination ideal...
Groebner basis after elimination saved as gb_K4_step_19.mrdi
Computing Groebner basis after adding determinant relation 20...
Elimination ideal computed. Computing Groebner basis of the elimination ideal...
Groebner basis after elimination saved as gb_K4_step_20.mrdi
